// Jest Snapshot v1, https://goo.gl/fbAQLP

exports[`About us component renders About us 1`] = `
<ContextProvider
  value={
    Object {
      "dispatch": [Function],
      "state": Object {
        "currentId": 1,
        "markdownFileList": Array [
          Object {
            "body": "# hello there",
            "fileName": "default",
            "id": 1,
          },
        ],
        "searchCategory": "fileName",
        "searchQuery": "",
      },
    }
  }
>
  <AboutUs />
</ContextProvider>
`;
