// Jest Snapshot v1, https://goo.gl/fbAQLP

exports[`Preview component renders Preview 1`] = `
<ContextProvider
  value={
    Object {
      "dispatch": [Function],
      "state": Object {
        "markdown": "# hello there",
      },
    }
  }
>
  <Preview />
</ContextProvider>
`;
