// Jest Snapshot v1, https://goo.gl/fbAQLP

exports[`DeleteButton component renders DeleteButton 1`] = `
<ContextProvider
  value={
    Object {
      "dispatch": [Function],
      "state": Object {
        "currentId": 1,
        "markdownFileList": Array [
          Object {
            "body": "# hello there",
            "fileName": "default",
            "id": 1,
          },
        ],
      },
    }
  }
>
  <DeleteButton
    id={1}
  />
</ContextProvider>
`;
